d:\rm\quanxiang\omni-code\rcs_code\visualgdb\debug\stm32f405.link.rsp
d:\rm\quanxiang\omni-code\rcs_code\visualgdb\debug\stm32f405.bin
d:\rm\quanxiang\omni-code\rcs_code\visualgdb\debug\stm32f405
d:\rm\quanxiang\omni-code\rcs_code\stm32f405\visualgdb\debug\can.o
d:\rm\quanxiang\omni-code\rcs_code\stm32f405\visualgdb\debug\control.o
d:\rm\quanxiang\omni-code\rcs_code\stm32f405\visualgdb\debug\crc.o
d:\rm\quanxiang\omni-code\rcs_code\stm32f405\visualgdb\debug\gpio.o
d:\rm\quanxiang\omni-code\rcs_code\stm32f405\visualgdb\debug\htmotor.o
d:\rm\quanxiang\omni-code\rcs_code\stm32f405\visualgdb\debug\imu.o
d:\rm\quanxiang\omni-code\rcs_code\stm32f405\visualgdb\debug\judgement.o
d:\rm\quanxiang\omni-code\rcs_code\stm32f405\visualgdb\debug\label.o
d:\rm\quanxiang\omni-code\rcs_code\stm32f405\visualgdb\debug\motor.o
d:\rm\quanxiang\omni-code\rcs_code\stm32f405\visualgdb\debug\power_read.o
d:\rm\quanxiang\omni-code\rcs_code\stm32f405\visualgdb\debug\rc.o
d:\rm\quanxiang\omni-code\rcs_code\stm32f405\visualgdb\debug\stm32f405.o
d:\rm\quanxiang\omni-code\rcs_code\stm32f405\visualgdb\debug\supercap.o
d:\rm\quanxiang\omni-code\rcs_code\stm32f405\visualgdb\debug\system_stm32f4xx.o
d:\rm\quanxiang\omni-code\rcs_code\stm32f405\visualgdb\debug\taskslist.o
d:\rm\quanxiang\omni-code\rcs_code\stm32f405\visualgdb\debug\tim.o
d:\rm\quanxiang\omni-code\rcs_code\stm32f405\visualgdb\debug\usart.o
d:\rm\quanxiang\omni-code\rcs_code\stm32f405\visualgdb\debug\xuc.o
d:\rm\quanxiang\omni-code\rcs_code\stm32f405\visualgdb\debug\can.dep
d:\rm\quanxiang\omni-code\rcs_code\stm32f405\visualgdb\debug\control.dep
d:\rm\quanxiang\omni-code\rcs_code\stm32f405\visualgdb\debug\crc.dep
d:\rm\quanxiang\omni-code\rcs_code\stm32f405\visualgdb\debug\gpio.dep
d:\rm\quanxiang\omni-code\rcs_code\stm32f405\visualgdb\debug\htmotor.dep
d:\rm\quanxiang\omni-code\rcs_code\stm32f405\visualgdb\debug\imu.dep
d:\rm\quanxiang\omni-code\rcs_code\stm32f405\visualgdb\debug\judgement.dep
d:\rm\quanxiang\omni-code\rcs_code\stm32f405\visualgdb\debug\label.dep
d:\rm\quanxiang\omni-code\rcs_code\stm32f405\visualgdb\debug\motor.dep
d:\rm\quanxiang\omni-code\rcs_code\stm32f405\visualgdb\debug\power_read.dep
d:\rm\quanxiang\omni-code\rcs_code\stm32f405\visualgdb\debug\rc.dep
d:\rm\quanxiang\omni-code\rcs_code\stm32f405\visualgdb\debug\stm32f405.dep
d:\rm\quanxiang\omni-code\rcs_code\stm32f405\visualgdb\debug\supercap.dep
d:\rm\quanxiang\omni-code\rcs_code\stm32f405\visualgdb\debug\system_stm32f4xx.dep
d:\rm\quanxiang\omni-code\rcs_code\stm32f405\visualgdb\debug\taskslist.dep
d:\rm\quanxiang\omni-code\rcs_code\stm32f405\visualgdb\debug\tim.dep
d:\rm\quanxiang\omni-code\rcs_code\stm32f405\visualgdb\debug\usart.dep
d:\rm\quanxiang\omni-code\rcs_code\stm32f405\visualgdb\debug\xuc.dep
d:\rm\quanxiang\omni-code\rcs_code\stm32f405\visualgdb\debug\can.gcc.rsp
d:\rm\quanxiang\omni-code\rcs_code\stm32f405\visualgdb\debug\control.gcc.rsp
d:\rm\quanxiang\omni-code\rcs_code\stm32f405\visualgdb\debug\crc.gcc.rsp
d:\rm\quanxiang\omni-code\rcs_code\stm32f405\visualgdb\debug\gpio.gcc.rsp
d:\rm\quanxiang\omni-code\rcs_code\stm32f405\visualgdb\debug\htmotor.gcc.rsp
d:\rm\quanxiang\omni-code\rcs_code\stm32f405\visualgdb\debug\imu.gcc.rsp
d:\rm\quanxiang\omni-code\rcs_code\stm32f405\visualgdb\debug\judgement.gcc.rsp
d:\rm\quanxiang\omni-code\rcs_code\stm32f405\visualgdb\debug\label.gcc.rsp
d:\rm\quanxiang\omni-code\rcs_code\stm32f405\visualgdb\debug\motor.gcc.rsp
d:\rm\quanxiang\omni-code\rcs_code\stm32f405\visualgdb\debug\power_read.gcc.rsp
d:\rm\quanxiang\omni-code\rcs_code\stm32f405\visualgdb\debug\rc.gcc.rsp
d:\rm\quanxiang\omni-code\rcs_code\stm32f405\visualgdb\debug\stm32f405.gcc.rsp
d:\rm\quanxiang\omni-code\rcs_code\stm32f405\visualgdb\debug\supercap.gcc.rsp
d:\rm\quanxiang\omni-code\rcs_code\stm32f405\visualgdb\debug\system_stm32f4xx.gcc.rsp
d:\rm\quanxiang\omni-code\rcs_code\stm32f405\visualgdb\debug\taskslist.gcc.rsp
d:\rm\quanxiang\omni-code\rcs_code\stm32f405\visualgdb\debug\tim.gcc.rsp
d:\rm\quanxiang\omni-code\rcs_code\stm32f405\visualgdb\debug\usart.gcc.rsp
d:\rm\quanxiang\omni-code\rcs_code\stm32f405\visualgdb\debug\xuc.gcc.rsp
d:\rm\quanxiang\omni-code\rcs_code\stm32f405\visualgdb\debug\stm32f405.alldeps
d:\rm\quanxiang\omni-code\rcs_code\stm32f405\visualgdb\debug\__bsp_root__\stm32f4xxxx\startupfiles\startup_stm32f405xx.o
d:\rm\quanxiang\omni-code\rcs_code\stm32f405\visualgdb\debug\__bsp_root__\stm32f4xxxx\startupfiles\startup_stm32f405xx.dep
d:\rm\quanxiang\omni-code\rcs_code\stm32f405\visualgdb\debug\__bsp_root__\stm32f4xxxx\startupfiles\startup_stm32f405xx.gcc.rsp
d:\rm\quanxiang\omni-code\rcs_code\stm32f405\visualgdb\debug\__bsp_root__\freertos\source\croutine.o
d:\rm\quanxiang\omni-code\rcs_code\stm32f405\visualgdb\debug\__bsp_root__\freertos\source\event_groups.o
d:\rm\quanxiang\omni-code\rcs_code\stm32f405\visualgdb\debug\__bsp_root__\freertos\source\list.o
d:\rm\quanxiang\omni-code\rcs_code\stm32f405\visualgdb\debug\__bsp_root__\freertos\source\queue.o
d:\rm\quanxiang\omni-code\rcs_code\stm32f405\visualgdb\debug\__bsp_root__\freertos\source\tasks.o
d:\rm\quanxiang\omni-code\rcs_code\stm32f405\visualgdb\debug\__bsp_root__\freertos\source\timers.o
d:\rm\quanxiang\omni-code\rcs_code\stm32f405\visualgdb\debug\__bsp_root__\freertos\source\croutine.dep
d:\rm\quanxiang\omni-code\rcs_code\stm32f405\visualgdb\debug\__bsp_root__\freertos\source\event_groups.dep
d:\rm\quanxiang\omni-code\rcs_code\stm32f405\visualgdb\debug\__bsp_root__\freertos\source\list.dep
d:\rm\quanxiang\omni-code\rcs_code\stm32f405\visualgdb\debug\__bsp_root__\freertos\source\queue.dep
d:\rm\quanxiang\omni-code\rcs_code\stm32f405\visualgdb\debug\__bsp_root__\freertos\source\tasks.dep
d:\rm\quanxiang\omni-code\rcs_code\stm32f405\visualgdb\debug\__bsp_root__\freertos\source\timers.dep
d:\rm\quanxiang\omni-code\rcs_code\stm32f405\visualgdb\debug\__bsp_root__\freertos\source\croutine.gcc.rsp
d:\rm\quanxiang\omni-code\rcs_code\stm32f405\visualgdb\debug\__bsp_root__\freertos\source\event_groups.gcc.rsp
d:\rm\quanxiang\omni-code\rcs_code\stm32f405\visualgdb\debug\__bsp_root__\freertos\source\list.gcc.rsp
d:\rm\quanxiang\omni-code\rcs_code\stm32f405\visualgdb\debug\__bsp_root__\freertos\source\queue.gcc.rsp
d:\rm\quanxiang\omni-code\rcs_code\stm32f405\visualgdb\debug\__bsp_root__\freertos\source\tasks.gcc.rsp
d:\rm\quanxiang\omni-code\rcs_code\stm32f405\visualgdb\debug\__bsp_root__\freertos\source\timers.gcc.rsp
d:\rm\quanxiang\omni-code\rcs_code\stm32f405\visualgdb\debug\__bsp_root__\freertos\source\cmsis_rtos\cmsis_os.o
d:\rm\quanxiang\omni-code\rcs_code\stm32f405\visualgdb\debug\__bsp_root__\freertos\source\cmsis_rtos\cmsis_os.dep
d:\rm\quanxiang\omni-code\rcs_code\stm32f405\visualgdb\debug\__bsp_root__\freertos\source\cmsis_rtos\cmsis_os.gcc.rsp
d:\rm\quanxiang\omni-code\rcs_code\stm32f405\visualgdb\debug\__bsp_root__\freertos\source\portable\gcc\arm_cm3\port.o
d:\rm\quanxiang\omni-code\rcs_code\stm32f405\visualgdb\debug\__bsp_root__\freertos\source\portable\gcc\arm_cm3\port.dep
d:\rm\quanxiang\omni-code\rcs_code\stm32f405\visualgdb\debug\__bsp_root__\freertos\source\portable\gcc\arm_cm3\port.gcc.rsp
d:\rm\quanxiang\omni-code\rcs_code\stm32f405\visualgdb\debug\__bsp_root__\freertos\source\portable\memmang\heap_4.o
d:\rm\quanxiang\omni-code\rcs_code\stm32f405\visualgdb\debug\__bsp_root__\freertos\source\portable\memmang\heap_4.dep
d:\rm\quanxiang\omni-code\rcs_code\stm32f405\visualgdb\debug\__bsp_root__\freertos\source\portable\memmang\heap_4.gcc.rsp
d:\rm\quanxiang\omni-code\rcs_code\stm32f405\visualgdb\debug\__bsp_root__\stm32f4xxxx\stm32f4xx_hal_driver\src\stm32f4xx_hal.o
d:\rm\quanxiang\omni-code\rcs_code\stm32f405\visualgdb\debug\__bsp_root__\stm32f4xxxx\stm32f4xx_hal_driver\src\stm32f4xx_hal_adc.o
d:\rm\quanxiang\omni-code\rcs_code\stm32f405\visualgdb\debug\__bsp_root__\stm32f4xxxx\stm32f4xx_hal_driver\src\stm32f4xx_hal_adc_ex.o
d:\rm\quanxiang\omni-code\rcs_code\stm32f405\visualgdb\debug\__bsp_root__\stm32f4xxxx\stm32f4xx_hal_driver\src\stm32f4xx_hal_can.o
d:\rm\quanxiang\omni-code\rcs_code\stm32f405\visualgdb\debug\__bsp_root__\stm32f4xxxx\stm32f4xx_hal_driver\src\stm32f4xx_hal_cec.o
d:\rm\quanxiang\omni-code\rcs_code\stm32f405\visualgdb\debug\__bsp_root__\stm32f4xxxx\stm32f4xx_hal_driver\src\stm32f4xx_hal_cortex.o
d:\rm\quanxiang\omni-code\rcs_code\stm32f405\visualgdb\debug\__bsp_root__\stm32f4xxxx\stm32f4xx_hal_driver\src\stm32f4xx_hal_crc.o
d:\rm\quanxiang\omni-code\rcs_code\stm32f405\visualgdb\debug\__bsp_root__\stm32f4xxxx\stm32f4xx_hal_driver\src\stm32f4xx_hal_cryp.o
d:\rm\quanxiang\omni-code\rcs_code\stm32f405\visualgdb\debug\__bsp_root__\stm32f4xxxx\stm32f4xx_hal_driver\src\stm32f4xx_hal_cryp_ex.o
d:\rm\quanxiang\omni-code\rcs_code\stm32f405\visualgdb\debug\__bsp_root__\stm32f4xxxx\stm32f4xx_hal_driver\src\stm32f4xx_hal_dac.o
d:\rm\quanxiang\omni-code\rcs_code\stm32f405\visualgdb\debug\__bsp_root__\stm32f4xxxx\stm32f4xx_hal_driver\src\stm32f4xx_hal_dac_ex.o
d:\rm\quanxiang\omni-code\rcs_code\stm32f405\visualgdb\debug\__bsp_root__\stm32f4xxxx\stm32f4xx_hal_driver\src\stm32f4xx_hal_dcmi.o
d:\rm\quanxiang\omni-code\rcs_code\stm32f405\visualgdb\debug\__bsp_root__\stm32f4xxxx\stm32f4xx_hal_driver\src\stm32f4xx_hal_dcmi_ex.o
d:\rm\quanxiang\omni-code\rcs_code\stm32f405\visualgdb\debug\__bsp_root__\stm32f4xxxx\stm32f4xx_hal_driver\src\stm32f4xx_hal_dma.o
d:\rm\quanxiang\omni-code\rcs_code\stm32f405\visualgdb\debug\__bsp_root__\stm32f4xxxx\stm32f4xx_hal_driver\src\stm32f4xx_hal_dma2d.o
d:\rm\quanxiang\omni-code\rcs_code\stm32f405\visualgdb\debug\__bsp_root__\stm32f4xxxx\stm32f4xx_hal_driver\src\stm32f4xx_hal_dma_ex.o
d:\rm\quanxiang\omni-code\rcs_code\stm32f405\visualgdb\debug\__bsp_root__\stm32f4xxxx\stm32f4xx_hal_driver\src\stm32f4xx_hal_dsi.o
d:\rm\quanxiang\omni-code\rcs_code\stm32f405\visualgdb\debug\__bsp_root__\stm32f4xxxx\stm32f4xx_hal_driver\src\stm32f4xx_hal_eth.o
d:\rm\quanxiang\omni-code\rcs_code\stm32f405\visualgdb\debug\__bsp_root__\stm32f4xxxx\stm32f4xx_hal_driver\src\stm32f4xx_hal_flash.o
d:\rm\quanxiang\omni-code\rcs_code\stm32f405\visualgdb\debug\__bsp_root__\stm32f4xxxx\stm32f4xx_hal_driver\src\stm32f4xx_hal_flash_ex.o
d:\rm\quanxiang\omni-code\rcs_code\stm32f405\visualgdb\debug\__bsp_root__\stm32f4xxxx\stm32f4xx_hal_driver\src\stm32f4xx_hal_flash_ramfunc.o
d:\rm\quanxiang\omni-code\rcs_code\stm32f405\visualgdb\debug\__bsp_root__\stm32f4xxxx\stm32f4xx_hal_driver\src\stm32f4xx_hal_fmpi2c.o
d:\rm\quanxiang\omni-code\rcs_code\stm32f405\visualgdb\debug\__bsp_root__\stm32f4xxxx\stm32f4xx_hal_driver\src\stm32f4xx_hal_fmpi2c_ex.o
d:\rm\quanxiang\omni-code\rcs_code\stm32f405\visualgdb\debug\__bsp_root__\stm32f4xxxx\stm32f4xx_hal_driver\src\stm32f4xx_hal_gpio.o
d:\rm\quanxiang\omni-code\rcs_code\stm32f405\visualgdb\debug\__bsp_root__\stm32f4xxxx\stm32f4xx_hal_driver\src\stm32f4xx_hal_hash.o
d:\rm\quanxiang\omni-code\rcs_code\stm32f405\visualgdb\debug\__bsp_root__\stm32f4xxxx\stm32f4xx_hal_driver\src\stm32f4xx_hal_hash_ex.o
d:\rm\quanxiang\omni-code\rcs_code\stm32f405\visualgdb\debug\__bsp_root__\stm32f4xxxx\stm32f4xx_hal_driver\src\stm32f4xx_hal_hcd.o
d:\rm\quanxiang\omni-code\rcs_code\stm32f405\visualgdb\debug\__bsp_root__\stm32f4xxxx\stm32f4xx_hal_driver\src\stm32f4xx_hal_i2c.o
d:\rm\quanxiang\omni-code\rcs_code\stm32f405\visualgdb\debug\__bsp_root__\stm32f4xxxx\stm32f4xx_hal_driver\src\stm32f4xx_hal_i2c_ex.o
d:\rm\quanxiang\omni-code\rcs_code\stm32f405\visualgdb\debug\__bsp_root__\stm32f4xxxx\stm32f4xx_hal_driver\src\stm32f4xx_hal_i2s.o
d:\rm\quanxiang\omni-code\rcs_code\stm32f405\visualgdb\debug\__bsp_root__\stm32f4xxxx\stm32f4xx_hal_driver\src\stm32f4xx_hal_i2s_ex.o
d:\rm\quanxiang\omni-code\rcs_code\stm32f405\visualgdb\debug\__bsp_root__\stm32f4xxxx\stm32f4xx_hal_driver\src\stm32f4xx_hal_irda.o
d:\rm\quanxiang\omni-code\rcs_code\stm32f405\visualgdb\debug\__bsp_root__\stm32f4xxxx\stm32f4xx_hal_driver\src\stm32f4xx_hal_iwdg.o
d:\rm\quanxiang\omni-code\rcs_code\stm32f405\visualgdb\debug\__bsp_root__\stm32f4xxxx\stm32f4xx_hal_driver\src\stm32f4xx_hal_lptim.o
d:\rm\quanxiang\omni-code\rcs_code\stm32f405\visualgdb\debug\__bsp_root__\stm32f4xxxx\stm32f4xx_hal_driver\src\stm32f4xx_hal_ltdc.o
d:\rm\quanxiang\omni-code\rcs_code\stm32f405\visualgdb\debug\__bsp_root__\stm32f4xxxx\stm32f4xx_hal_driver\src\stm32f4xx_hal_ltdc_ex.o
d:\rm\quanxiang\omni-code\rcs_code\stm32f405\visualgdb\debug\__bsp_root__\stm32f4xxxx\stm32f4xx_hal_driver\src\stm32f4xx_hal_nand.o
d:\rm\quanxiang\omni-code\rcs_code\stm32f405\visualgdb\debug\__bsp_root__\stm32f4xxxx\stm32f4xx_hal_driver\src\stm32f4xx_hal_nor.o
d:\rm\quanxiang\omni-code\rcs_code\stm32f405\visualgdb\debug\__bsp_root__\stm32f4xxxx\stm32f4xx_hal_driver\src\stm32f4xx_hal_pccard.o
d:\rm\quanxiang\omni-code\rcs_code\stm32f405\visualgdb\debug\__bsp_root__\stm32f4xxxx\stm32f4xx_hal_driver\src\stm32f4xx_hal_pcd.o
d:\rm\quanxiang\omni-code\rcs_code\stm32f405\visualgdb\debug\__bsp_root__\stm32f4xxxx\stm32f4xx_hal_driver\src\stm32f4xx_hal_pcd_ex.o
d:\rm\quanxiang\omni-code\rcs_code\stm32f405\visualgdb\debug\__bsp_root__\stm32f4xxxx\stm32f4xx_hal_driver\src\stm32f4xx_hal_pwr.o
d:\rm\quanxiang\omni-code\rcs_code\stm32f405\visualgdb\debug\__bsp_root__\stm32f4xxxx\stm32f4xx_hal_driver\src\stm32f4xx_hal_pwr_ex.o
d:\rm\quanxiang\omni-code\rcs_code\stm32f405\visualgdb\debug\__bsp_root__\stm32f4xxxx\stm32f4xx_hal_driver\src\stm32f4xx_hal_qspi.o
d:\rm\quanxiang\omni-code\rcs_code\stm32f405\visualgdb\debug\__bsp_root__\stm32f4xxxx\stm32f4xx_hal_driver\src\stm32f4xx_hal_rcc.o
d:\rm\quanxiang\omni-code\rcs_code\stm32f405\visualgdb\debug\__bsp_root__\stm32f4xxxx\stm32f4xx_hal_driver\src\stm32f4xx_hal_rcc_ex.o
d:\rm\quanxiang\omni-code\rcs_code\stm32f405\visualgdb\debug\__bsp_root__\stm32f4xxxx\stm32f4xx_hal_driver\src\stm32f4xx_hal_rng.o
d:\rm\quanxiang\omni-code\rcs_code\stm32f405\visualgdb\debug\__bsp_root__\stm32f4xxxx\stm32f4xx_hal_driver\src\stm32f4xx_hal_rtc.o
d:\rm\quanxiang\omni-code\rcs_code\stm32f405\visualgdb\debug\__bsp_root__\stm32f4xxxx\stm32f4xx_hal_driver\src\stm32f4xx_hal_rtc_ex.o
d:\rm\quanxiang\omni-code\rcs_code\stm32f405\visualgdb\debug\__bsp_root__\stm32f4xxxx\stm32f4xx_hal_driver\src\stm32f4xx_hal_sai.o
d:\rm\quanxiang\omni-code\rcs_code\stm32f405\visualgdb\debug\__bsp_root__\stm32f4xxxx\stm32f4xx_hal_driver\src\stm32f4xx_hal_sai_ex.o
d:\rm\quanxiang\omni-code\rcs_code\stm32f405\visualgdb\debug\__bsp_root__\stm32f4xxxx\stm32f4xx_hal_driver\src\stm32f4xx_hal_sd.o
d:\rm\quanxiang\omni-code\rcs_code\stm32f405\visualgdb\debug\__bsp_root__\stm32f4xxxx\stm32f4xx_hal_driver\src\stm32f4xx_hal_sdram.o
d:\rm\quanxiang\omni-code\rcs_code\stm32f405\visualgdb\debug\__bsp_root__\stm32f4xxxx\stm32f4xx_hal_driver\src\stm32f4xx_hal_smartcard.o
d:\rm\quanxiang\omni-code\rcs_code\stm32f405\visualgdb\debug\__bsp_root__\stm32f4xxxx\stm32f4xx_hal_driver\src\stm32f4xx_hal_spdifrx.o
d:\rm\quanxiang\omni-code\rcs_code\stm32f405\visualgdb\debug\__bsp_root__\stm32f4xxxx\stm32f4xx_hal_driver\src\stm32f4xx_hal_spi.o
d:\rm\quanxiang\omni-code\rcs_code\stm32f405\visualgdb\debug\__bsp_root__\stm32f4xxxx\stm32f4xx_hal_driver\src\stm32f4xx_hal_sram.o
d:\rm\quanxiang\omni-code\rcs_code\stm32f405\visualgdb\debug\__bsp_root__\stm32f4xxxx\stm32f4xx_hal_driver\src\stm32f4xx_hal_tim.o
d:\rm\quanxiang\omni-code\rcs_code\stm32f405\visualgdb\debug\__bsp_root__\stm32f4xxxx\stm32f4xx_hal_driver\src\stm32f4xx_hal_tim_ex.o
d:\rm\quanxiang\omni-code\rcs_code\stm32f405\visualgdb\debug\__bsp_root__\stm32f4xxxx\stm32f4xx_hal_driver\src\stm32f4xx_hal_uart.o
d:\rm\quanxiang\omni-code\rcs_code\stm32f405\visualgdb\debug\__bsp_root__\stm32f4xxxx\stm32f4xx_hal_driver\src\stm32f4xx_hal_usart.o
d:\rm\quanxiang\omni-code\rcs_code\stm32f405\visualgdb\debug\__bsp_root__\stm32f4xxxx\stm32f4xx_hal_driver\src\stm32f4xx_hal_wwdg.o
d:\rm\quanxiang\omni-code\rcs_code\stm32f405\visualgdb\debug\__bsp_root__\stm32f4xxxx\stm32f4xx_hal_driver\src\stm32f4xx_ll_fmc.o
d:\rm\quanxiang\omni-code\rcs_code\stm32f405\visualgdb\debug\__bsp_root__\stm32f4xxxx\stm32f4xx_hal_driver\src\stm32f4xx_ll_fsmc.o
d:\rm\quanxiang\omni-code\rcs_code\stm32f405\visualgdb\debug\__bsp_root__\stm32f4xxxx\stm32f4xx_hal_driver\src\stm32f4xx_ll_sdmmc.o
d:\rm\quanxiang\omni-code\rcs_code\stm32f405\visualgdb\debug\__bsp_root__\stm32f4xxxx\stm32f4xx_hal_driver\src\stm32f4xx_ll_usb.o
d:\rm\quanxiang\omni-code\rcs_code\stm32f405\visualgdb\debug\__bsp_root__\stm32f4xxxx\stm32f4xx_hal_driver\src\stm32f4xx_hal.dep
d:\rm\quanxiang\omni-code\rcs_code\stm32f405\visualgdb\debug\__bsp_root__\stm32f4xxxx\stm32f4xx_hal_driver\src\stm32f4xx_hal_adc.dep
d:\rm\quanxiang\omni-code\rcs_code\stm32f405\visualgdb\debug\__bsp_root__\stm32f4xxxx\stm32f4xx_hal_driver\src\stm32f4xx_hal_adc_ex.dep
d:\rm\quanxiang\omni-code\rcs_code\stm32f405\visualgdb\debug\__bsp_root__\stm32f4xxxx\stm32f4xx_hal_driver\src\stm32f4xx_hal_can.dep
d:\rm\quanxiang\omni-code\rcs_code\stm32f405\visualgdb\debug\__bsp_root__\stm32f4xxxx\stm32f4xx_hal_driver\src\stm32f4xx_hal_cec.dep
d:\rm\quanxiang\omni-code\rcs_code\stm32f405\visualgdb\debug\__bsp_root__\stm32f4xxxx\stm32f4xx_hal_driver\src\stm32f4xx_hal_cortex.dep
d:\rm\quanxiang\omni-code\rcs_code\stm32f405\visualgdb\debug\__bsp_root__\stm32f4xxxx\stm32f4xx_hal_driver\src\stm32f4xx_hal_crc.dep
d:\rm\quanxiang\omni-code\rcs_code\stm32f405\visualgdb\debug\__bsp_root__\stm32f4xxxx\stm32f4xx_hal_driver\src\stm32f4xx_hal_cryp.dep
d:\rm\quanxiang\omni-code\rcs_code\stm32f405\visualgdb\debug\__bsp_root__\stm32f4xxxx\stm32f4xx_hal_driver\src\stm32f4xx_hal_cryp_ex.dep
d:\rm\quanxiang\omni-code\rcs_code\stm32f405\visualgdb\debug\__bsp_root__\stm32f4xxxx\stm32f4xx_hal_driver\src\stm32f4xx_hal_dac.dep
d:\rm\quanxiang\omni-code\rcs_code\stm32f405\visualgdb\debug\__bsp_root__\stm32f4xxxx\stm32f4xx_hal_driver\src\stm32f4xx_hal_dac_ex.dep
d:\rm\quanxiang\omni-code\rcs_code\stm32f405\visualgdb\debug\__bsp_root__\stm32f4xxxx\stm32f4xx_hal_driver\src\stm32f4xx_hal_dcmi.dep
d:\rm\quanxiang\omni-code\rcs_code\stm32f405\visualgdb\debug\__bsp_root__\stm32f4xxxx\stm32f4xx_hal_driver\src\stm32f4xx_hal_dcmi_ex.dep
d:\rm\quanxiang\omni-code\rcs_code\stm32f405\visualgdb\debug\__bsp_root__\stm32f4xxxx\stm32f4xx_hal_driver\src\stm32f4xx_hal_dma.dep
d:\rm\quanxiang\omni-code\rcs_code\stm32f405\visualgdb\debug\__bsp_root__\stm32f4xxxx\stm32f4xx_hal_driver\src\stm32f4xx_hal_dma2d.dep
d:\rm\quanxiang\omni-code\rcs_code\stm32f405\visualgdb\debug\__bsp_root__\stm32f4xxxx\stm32f4xx_hal_driver\src\stm32f4xx_hal_dma_ex.dep
d:\rm\quanxiang\omni-code\rcs_code\stm32f405\visualgdb\debug\__bsp_root__\stm32f4xxxx\stm32f4xx_hal_driver\src\stm32f4xx_hal_dsi.dep
d:\rm\quanxiang\omni-code\rcs_code\stm32f405\visualgdb\debug\__bsp_root__\stm32f4xxxx\stm32f4xx_hal_driver\src\stm32f4xx_hal_eth.dep
d:\rm\quanxiang\omni-code\rcs_code\stm32f405\visualgdb\debug\__bsp_root__\stm32f4xxxx\stm32f4xx_hal_driver\src\stm32f4xx_hal_flash.dep
d:\rm\quanxiang\omni-code\rcs_code\stm32f405\visualgdb\debug\__bsp_root__\stm32f4xxxx\stm32f4xx_hal_driver\src\stm32f4xx_hal_flash_ex.dep
d:\rm\quanxiang\omni-code\rcs_code\stm32f405\visualgdb\debug\__bsp_root__\stm32f4xxxx\stm32f4xx_hal_driver\src\stm32f4xx_hal_flash_ramfunc.dep
d:\rm\quanxiang\omni-code\rcs_code\stm32f405\visualgdb\debug\__bsp_root__\stm32f4xxxx\stm32f4xx_hal_driver\src\stm32f4xx_hal_fmpi2c.dep
d:\rm\quanxiang\omni-code\rcs_code\stm32f405\visualgdb\debug\__bsp_root__\stm32f4xxxx\stm32f4xx_hal_driver\src\stm32f4xx_hal_fmpi2c_ex.dep
d:\rm\quanxiang\omni-code\rcs_code\stm32f405\visualgdb\debug\__bsp_root__\stm32f4xxxx\stm32f4xx_hal_driver\src\stm32f4xx_hal_gpio.dep
d:\rm\quanxiang\omni-code\rcs_code\stm32f405\visualgdb\debug\__bsp_root__\stm32f4xxxx\stm32f4xx_hal_driver\src\stm32f4xx_hal_hash.dep
d:\rm\quanxiang\omni-code\rcs_code\stm32f405\visualgdb\debug\__bsp_root__\stm32f4xxxx\stm32f4xx_hal_driver\src\stm32f4xx_hal_hash_ex.dep
d:\rm\quanxiang\omni-code\rcs_code\stm32f405\visualgdb\debug\__bsp_root__\stm32f4xxxx\stm32f4xx_hal_driver\src\stm32f4xx_hal_hcd.dep
d:\rm\quanxiang\omni-code\rcs_code\stm32f405\visualgdb\debug\__bsp_root__\stm32f4xxxx\stm32f4xx_hal_driver\src\stm32f4xx_hal_i2c.dep
d:\rm\quanxiang\omni-code\rcs_code\stm32f405\visualgdb\debug\__bsp_root__\stm32f4xxxx\stm32f4xx_hal_driver\src\stm32f4xx_hal_i2c_ex.dep
d:\rm\quanxiang\omni-code\rcs_code\stm32f405\visualgdb\debug\__bsp_root__\stm32f4xxxx\stm32f4xx_hal_driver\src\stm32f4xx_hal_i2s.dep
d:\rm\quanxiang\omni-code\rcs_code\stm32f405\visualgdb\debug\__bsp_root__\stm32f4xxxx\stm32f4xx_hal_driver\src\stm32f4xx_hal_i2s_ex.dep
d:\rm\quanxiang\omni-code\rcs_code\stm32f405\visualgdb\debug\__bsp_root__\stm32f4xxxx\stm32f4xx_hal_driver\src\stm32f4xx_hal_irda.dep
d:\rm\quanxiang\omni-code\rcs_code\stm32f405\visualgdb\debug\__bsp_root__\stm32f4xxxx\stm32f4xx_hal_driver\src\stm32f4xx_hal_iwdg.dep
d:\rm\quanxiang\omni-code\rcs_code\stm32f405\visualgdb\debug\__bsp_root__\stm32f4xxxx\stm32f4xx_hal_driver\src\stm32f4xx_hal_lptim.dep
d:\rm\quanxiang\omni-code\rcs_code\stm32f405\visualgdb\debug\__bsp_root__\stm32f4xxxx\stm32f4xx_hal_driver\src\stm32f4xx_hal_ltdc.dep
d:\rm\quanxiang\omni-code\rcs_code\stm32f405\visualgdb\debug\__bsp_root__\stm32f4xxxx\stm32f4xx_hal_driver\src\stm32f4xx_hal_ltdc_ex.dep
d:\rm\quanxiang\omni-code\rcs_code\stm32f405\visualgdb\debug\__bsp_root__\stm32f4xxxx\stm32f4xx_hal_driver\src\stm32f4xx_hal_nand.dep
d:\rm\quanxiang\omni-code\rcs_code\stm32f405\visualgdb\debug\__bsp_root__\stm32f4xxxx\stm32f4xx_hal_driver\src\stm32f4xx_hal_nor.dep
d:\rm\quanxiang\omni-code\rcs_code\stm32f405\visualgdb\debug\__bsp_root__\stm32f4xxxx\stm32f4xx_hal_driver\src\stm32f4xx_hal_pccard.dep
d:\rm\quanxiang\omni-code\rcs_code\stm32f405\visualgdb\debug\__bsp_root__\stm32f4xxxx\stm32f4xx_hal_driver\src\stm32f4xx_hal_pcd.dep
d:\rm\quanxiang\omni-code\rcs_code\stm32f405\visualgdb\debug\__bsp_root__\stm32f4xxxx\stm32f4xx_hal_driver\src\stm32f4xx_hal_pcd_ex.dep
d:\rm\quanxiang\omni-code\rcs_code\stm32f405\visualgdb\debug\__bsp_root__\stm32f4xxxx\stm32f4xx_hal_driver\src\stm32f4xx_hal_pwr.dep
d:\rm\quanxiang\omni-code\rcs_code\stm32f405\visualgdb\debug\__bsp_root__\stm32f4xxxx\stm32f4xx_hal_driver\src\stm32f4xx_hal_pwr_ex.dep
d:\rm\quanxiang\omni-code\rcs_code\stm32f405\visualgdb\debug\__bsp_root__\stm32f4xxxx\stm32f4xx_hal_driver\src\stm32f4xx_hal_qspi.dep
d:\rm\quanxiang\omni-code\rcs_code\stm32f405\visualgdb\debug\__bsp_root__\stm32f4xxxx\stm32f4xx_hal_driver\src\stm32f4xx_hal_rcc.dep
d:\rm\quanxiang\omni-code\rcs_code\stm32f405\visualgdb\debug\__bsp_root__\stm32f4xxxx\stm32f4xx_hal_driver\src\stm32f4xx_hal_rcc_ex.dep
d:\rm\quanxiang\omni-code\rcs_code\stm32f405\visualgdb\debug\__bsp_root__\stm32f4xxxx\stm32f4xx_hal_driver\src\stm32f4xx_hal_rng.dep
d:\rm\quanxiang\omni-code\rcs_code\stm32f405\visualgdb\debug\__bsp_root__\stm32f4xxxx\stm32f4xx_hal_driver\src\stm32f4xx_hal_rtc.dep
d:\rm\quanxiang\omni-code\rcs_code\stm32f405\visualgdb\debug\__bsp_root__\stm32f4xxxx\stm32f4xx_hal_driver\src\stm32f4xx_hal_rtc_ex.dep
d:\rm\quanxiang\omni-code\rcs_code\stm32f405\visualgdb\debug\__bsp_root__\stm32f4xxxx\stm32f4xx_hal_driver\src\stm32f4xx_hal_sai.dep
d:\rm\quanxiang\omni-code\rcs_code\stm32f405\visualgdb\debug\__bsp_root__\stm32f4xxxx\stm32f4xx_hal_driver\src\stm32f4xx_hal_sai_ex.dep
d:\rm\quanxiang\omni-code\rcs_code\stm32f405\visualgdb\debug\__bsp_root__\stm32f4xxxx\stm32f4xx_hal_driver\src\stm32f4xx_hal_sd.dep
d:\rm\quanxiang\omni-code\rcs_code\stm32f405\visualgdb\debug\__bsp_root__\stm32f4xxxx\stm32f4xx_hal_driver\src\stm32f4xx_hal_sdram.dep
d:\rm\quanxiang\omni-code\rcs_code\stm32f405\visualgdb\debug\__bsp_root__\stm32f4xxxx\stm32f4xx_hal_driver\src\stm32f4xx_hal_smartcard.dep
d:\rm\quanxiang\omni-code\rcs_code\stm32f405\visualgdb\debug\__bsp_root__\stm32f4xxxx\stm32f4xx_hal_driver\src\stm32f4xx_hal_spdifrx.dep
d:\rm\quanxiang\omni-code\rcs_code\stm32f405\visualgdb\debug\__bsp_root__\stm32f4xxxx\stm32f4xx_hal_driver\src\stm32f4xx_hal_spi.dep
d:\rm\quanxiang\omni-code\rcs_code\stm32f405\visualgdb\debug\__bsp_root__\stm32f4xxxx\stm32f4xx_hal_driver\src\stm32f4xx_hal_sram.dep
d:\rm\quanxiang\omni-code\rcs_code\stm32f405\visualgdb\debug\__bsp_root__\stm32f4xxxx\stm32f4xx_hal_driver\src\stm32f4xx_hal_tim.dep
d:\rm\quanxiang\omni-code\rcs_code\stm32f405\visualgdb\debug\__bsp_root__\stm32f4xxxx\stm32f4xx_hal_driver\src\stm32f4xx_hal_tim_ex.dep
d:\rm\quanxiang\omni-code\rcs_code\stm32f405\visualgdb\debug\__bsp_root__\stm32f4xxxx\stm32f4xx_hal_driver\src\stm32f4xx_hal_uart.dep
d:\rm\quanxiang\omni-code\rcs_code\stm32f405\visualgdb\debug\__bsp_root__\stm32f4xxxx\stm32f4xx_hal_driver\src\stm32f4xx_hal_usart.dep
d:\rm\quanxiang\omni-code\rcs_code\stm32f405\visualgdb\debug\__bsp_root__\stm32f4xxxx\stm32f4xx_hal_driver\src\stm32f4xx_hal_wwdg.dep
d:\rm\quanxiang\omni-code\rcs_code\stm32f405\visualgdb\debug\__bsp_root__\stm32f4xxxx\stm32f4xx_hal_driver\src\stm32f4xx_ll_fmc.dep
d:\rm\quanxiang\omni-code\rcs_code\stm32f405\visualgdb\debug\__bsp_root__\stm32f4xxxx\stm32f4xx_hal_driver\src\stm32f4xx_ll_fsmc.dep
d:\rm\quanxiang\omni-code\rcs_code\stm32f405\visualgdb\debug\__bsp_root__\stm32f4xxxx\stm32f4xx_hal_driver\src\stm32f4xx_ll_sdmmc.dep
d:\rm\quanxiang\omni-code\rcs_code\stm32f405\visualgdb\debug\__bsp_root__\stm32f4xxxx\stm32f4xx_hal_driver\src\stm32f4xx_ll_usb.dep
d:\rm\quanxiang\omni-code\rcs_code\stm32f405\visualgdb\debug\__bsp_root__\stm32f4xxxx\stm32f4xx_hal_driver\src\stm32f4xx_hal.gcc.rsp
d:\rm\quanxiang\omni-code\rcs_code\stm32f405\visualgdb\debug\__bsp_root__\stm32f4xxxx\stm32f4xx_hal_driver\src\stm32f4xx_hal_adc.gcc.rsp
d:\rm\quanxiang\omni-code\rcs_code\stm32f405\visualgdb\debug\__bsp_root__\stm32f4xxxx\stm32f4xx_hal_driver\src\stm32f4xx_hal_adc_ex.gcc.rsp
d:\rm\quanxiang\omni-code\rcs_code\stm32f405\visualgdb\debug\__bsp_root__\stm32f4xxxx\stm32f4xx_hal_driver\src\stm32f4xx_hal_can.gcc.rsp
d:\rm\quanxiang\omni-code\rcs_code\stm32f405\visualgdb\debug\__bsp_root__\stm32f4xxxx\stm32f4xx_hal_driver\src\stm32f4xx_hal_cec.gcc.rsp
d:\rm\quanxiang\omni-code\rcs_code\stm32f405\visualgdb\debug\__bsp_root__\stm32f4xxxx\stm32f4xx_hal_driver\src\stm32f4xx_hal_cortex.gcc.rsp
d:\rm\quanxiang\omni-code\rcs_code\stm32f405\visualgdb\debug\__bsp_root__\stm32f4xxxx\stm32f4xx_hal_driver\src\stm32f4xx_hal_crc.gcc.rsp
d:\rm\quanxiang\omni-code\rcs_code\stm32f405\visualgdb\debug\__bsp_root__\stm32f4xxxx\stm32f4xx_hal_driver\src\stm32f4xx_hal_cryp.gcc.rsp
d:\rm\quanxiang\omni-code\rcs_code\stm32f405\visualgdb\debug\__bsp_root__\stm32f4xxxx\stm32f4xx_hal_driver\src\stm32f4xx_hal_cryp_ex.gcc.rsp
d:\rm\quanxiang\omni-code\rcs_code\stm32f405\visualgdb\debug\__bsp_root__\stm32f4xxxx\stm32f4xx_hal_driver\src\stm32f4xx_hal_dac.gcc.rsp
d:\rm\quanxiang\omni-code\rcs_code\stm32f405\visualgdb\debug\__bsp_root__\stm32f4xxxx\stm32f4xx_hal_driver\src\stm32f4xx_hal_dac_ex.gcc.rsp
d:\rm\quanxiang\omni-code\rcs_code\stm32f405\visualgdb\debug\__bsp_root__\stm32f4xxxx\stm32f4xx_hal_driver\src\stm32f4xx_hal_dcmi.gcc.rsp
d:\rm\quanxiang\omni-code\rcs_code\stm32f405\visualgdb\debug\__bsp_root__\stm32f4xxxx\stm32f4xx_hal_driver\src\stm32f4xx_hal_dcmi_ex.gcc.rsp
d:\rm\quanxiang\omni-code\rcs_code\stm32f405\visualgdb\debug\__bsp_root__\stm32f4xxxx\stm32f4xx_hal_driver\src\stm32f4xx_hal_dma.gcc.rsp
d:\rm\quanxiang\omni-code\rcs_code\stm32f405\visualgdb\debug\__bsp_root__\stm32f4xxxx\stm32f4xx_hal_driver\src\stm32f4xx_hal_dma2d.gcc.rsp
d:\rm\quanxiang\omni-code\rcs_code\stm32f405\visualgdb\debug\__bsp_root__\stm32f4xxxx\stm32f4xx_hal_driver\src\stm32f4xx_hal_dma_ex.gcc.rsp
d:\rm\quanxiang\omni-code\rcs_code\stm32f405\visualgdb\debug\__bsp_root__\stm32f4xxxx\stm32f4xx_hal_driver\src\stm32f4xx_hal_dsi.gcc.rsp
d:\rm\quanxiang\omni-code\rcs_code\stm32f405\visualgdb\debug\__bsp_root__\stm32f4xxxx\stm32f4xx_hal_driver\src\stm32f4xx_hal_eth.gcc.rsp
d:\rm\quanxiang\omni-code\rcs_code\stm32f405\visualgdb\debug\__bsp_root__\stm32f4xxxx\stm32f4xx_hal_driver\src\stm32f4xx_hal_flash.gcc.rsp
d:\rm\quanxiang\omni-code\rcs_code\stm32f405\visualgdb\debug\__bsp_root__\stm32f4xxxx\stm32f4xx_hal_driver\src\stm32f4xx_hal_flash_ex.gcc.rsp
d:\rm\quanxiang\omni-code\rcs_code\stm32f405\visualgdb\debug\__bsp_root__\stm32f4xxxx\stm32f4xx_hal_driver\src\stm32f4xx_hal_flash_ramfunc.gcc.rsp
d:\rm\quanxiang\omni-code\rcs_code\stm32f405\visualgdb\debug\__bsp_root__\stm32f4xxxx\stm32f4xx_hal_driver\src\stm32f4xx_hal_fmpi2c.gcc.rsp
d:\rm\quanxiang\omni-code\rcs_code\stm32f405\visualgdb\debug\__bsp_root__\stm32f4xxxx\stm32f4xx_hal_driver\src\stm32f4xx_hal_fmpi2c_ex.gcc.rsp
d:\rm\quanxiang\omni-code\rcs_code\stm32f405\visualgdb\debug\__bsp_root__\stm32f4xxxx\stm32f4xx_hal_driver\src\stm32f4xx_hal_gpio.gcc.rsp
d:\rm\quanxiang\omni-code\rcs_code\stm32f405\visualgdb\debug\__bsp_root__\stm32f4xxxx\stm32f4xx_hal_driver\src\stm32f4xx_hal_hash.gcc.rsp
d:\rm\quanxiang\omni-code\rcs_code\stm32f405\visualgdb\debug\__bsp_root__\stm32f4xxxx\stm32f4xx_hal_driver\src\stm32f4xx_hal_hash_ex.gcc.rsp
d:\rm\quanxiang\omni-code\rcs_code\stm32f405\visualgdb\debug\__bsp_root__\stm32f4xxxx\stm32f4xx_hal_driver\src\stm32f4xx_hal_hcd.gcc.rsp
d:\rm\quanxiang\omni-code\rcs_code\stm32f405\visualgdb\debug\__bsp_root__\stm32f4xxxx\stm32f4xx_hal_driver\src\stm32f4xx_hal_i2c.gcc.rsp
d:\rm\quanxiang\omni-code\rcs_code\stm32f405\visualgdb\debug\__bsp_root__\stm32f4xxxx\stm32f4xx_hal_driver\src\stm32f4xx_hal_i2c_ex.gcc.rsp
d:\rm\quanxiang\omni-code\rcs_code\stm32f405\visualgdb\debug\__bsp_root__\stm32f4xxxx\stm32f4xx_hal_driver\src\stm32f4xx_hal_i2s.gcc.rsp
d:\rm\quanxiang\omni-code\rcs_code\stm32f405\visualgdb\debug\__bsp_root__\stm32f4xxxx\stm32f4xx_hal_driver\src\stm32f4xx_hal_i2s_ex.gcc.rsp
d:\rm\quanxiang\omni-code\rcs_code\stm32f405\visualgdb\debug\__bsp_root__\stm32f4xxxx\stm32f4xx_hal_driver\src\stm32f4xx_hal_irda.gcc.rsp
d:\rm\quanxiang\omni-code\rcs_code\stm32f405\visualgdb\debug\__bsp_root__\stm32f4xxxx\stm32f4xx_hal_driver\src\stm32f4xx_hal_iwdg.gcc.rsp
d:\rm\quanxiang\omni-code\rcs_code\stm32f405\visualgdb\debug\__bsp_root__\stm32f4xxxx\stm32f4xx_hal_driver\src\stm32f4xx_hal_lptim.gcc.rsp
d:\rm\quanxiang\omni-code\rcs_code\stm32f405\visualgdb\debug\__bsp_root__\stm32f4xxxx\stm32f4xx_hal_driver\src\stm32f4xx_hal_ltdc.gcc.rsp
d:\rm\quanxiang\omni-code\rcs_code\stm32f405\visualgdb\debug\__bsp_root__\stm32f4xxxx\stm32f4xx_hal_driver\src\stm32f4xx_hal_ltdc_ex.gcc.rsp
d:\rm\quanxiang\omni-code\rcs_code\stm32f405\visualgdb\debug\__bsp_root__\stm32f4xxxx\stm32f4xx_hal_driver\src\stm32f4xx_hal_nand.gcc.rsp
d:\rm\quanxiang\omni-code\rcs_code\stm32f405\visualgdb\debug\__bsp_root__\stm32f4xxxx\stm32f4xx_hal_driver\src\stm32f4xx_hal_nor.gcc.rsp
d:\rm\quanxiang\omni-code\rcs_code\stm32f405\visualgdb\debug\__bsp_root__\stm32f4xxxx\stm32f4xx_hal_driver\src\stm32f4xx_hal_pccard.gcc.rsp
d:\rm\quanxiang\omni-code\rcs_code\stm32f405\visualgdb\debug\__bsp_root__\stm32f4xxxx\stm32f4xx_hal_driver\src\stm32f4xx_hal_pcd.gcc.rsp
d:\rm\quanxiang\omni-code\rcs_code\stm32f405\visualgdb\debug\__bsp_root__\stm32f4xxxx\stm32f4xx_hal_driver\src\stm32f4xx_hal_pcd_ex.gcc.rsp
d:\rm\quanxiang\omni-code\rcs_code\stm32f405\visualgdb\debug\__bsp_root__\stm32f4xxxx\stm32f4xx_hal_driver\src\stm32f4xx_hal_pwr.gcc.rsp
d:\rm\quanxiang\omni-code\rcs_code\stm32f405\visualgdb\debug\__bsp_root__\stm32f4xxxx\stm32f4xx_hal_driver\src\stm32f4xx_hal_pwr_ex.gcc.rsp
d:\rm\quanxiang\omni-code\rcs_code\stm32f405\visualgdb\debug\__bsp_root__\stm32f4xxxx\stm32f4xx_hal_driver\src\stm32f4xx_hal_qspi.gcc.rsp
d:\rm\quanxiang\omni-code\rcs_code\stm32f405\visualgdb\debug\__bsp_root__\stm32f4xxxx\stm32f4xx_hal_driver\src\stm32f4xx_hal_rcc.gcc.rsp
d:\rm\quanxiang\omni-code\rcs_code\stm32f405\visualgdb\debug\__bsp_root__\stm32f4xxxx\stm32f4xx_hal_driver\src\stm32f4xx_hal_rcc_ex.gcc.rsp
d:\rm\quanxiang\omni-code\rcs_code\stm32f405\visualgdb\debug\__bsp_root__\stm32f4xxxx\stm32f4xx_hal_driver\src\stm32f4xx_hal_rng.gcc.rsp
d:\rm\quanxiang\omni-code\rcs_code\stm32f405\visualgdb\debug\__bsp_root__\stm32f4xxxx\stm32f4xx_hal_driver\src\stm32f4xx_hal_rtc.gcc.rsp
d:\rm\quanxiang\omni-code\rcs_code\stm32f405\visualgdb\debug\__bsp_root__\stm32f4xxxx\stm32f4xx_hal_driver\src\stm32f4xx_hal_rtc_ex.gcc.rsp
d:\rm\quanxiang\omni-code\rcs_code\stm32f405\visualgdb\debug\__bsp_root__\stm32f4xxxx\stm32f4xx_hal_driver\src\stm32f4xx_hal_sai.gcc.rsp
d:\rm\quanxiang\omni-code\rcs_code\stm32f405\visualgdb\debug\__bsp_root__\stm32f4xxxx\stm32f4xx_hal_driver\src\stm32f4xx_hal_sai_ex.gcc.rsp
d:\rm\quanxiang\omni-code\rcs_code\stm32f405\visualgdb\debug\__bsp_root__\stm32f4xxxx\stm32f4xx_hal_driver\src\stm32f4xx_hal_sd.gcc.rsp
d:\rm\quanxiang\omni-code\rcs_code\stm32f405\visualgdb\debug\__bsp_root__\stm32f4xxxx\stm32f4xx_hal_driver\src\stm32f4xx_hal_sdram.gcc.rsp
d:\rm\quanxiang\omni-code\rcs_code\stm32f405\visualgdb\debug\__bsp_root__\stm32f4xxxx\stm32f4xx_hal_driver\src\stm32f4xx_hal_smartcard.gcc.rsp
d:\rm\quanxiang\omni-code\rcs_code\stm32f405\visualgdb\debug\__bsp_root__\stm32f4xxxx\stm32f4xx_hal_driver\src\stm32f4xx_hal_spdifrx.gcc.rsp
d:\rm\quanxiang\omni-code\rcs_code\stm32f405\visualgdb\debug\__bsp_root__\stm32f4xxxx\stm32f4xx_hal_driver\src\stm32f4xx_hal_spi.gcc.rsp
d:\rm\quanxiang\omni-code\rcs_code\stm32f405\visualgdb\debug\__bsp_root__\stm32f4xxxx\stm32f4xx_hal_driver\src\stm32f4xx_hal_sram.gcc.rsp
d:\rm\quanxiang\omni-code\rcs_code\stm32f405\visualgdb\debug\__bsp_root__\stm32f4xxxx\stm32f4xx_hal_driver\src\stm32f4xx_hal_tim.gcc.rsp
d:\rm\quanxiang\omni-code\rcs_code\stm32f405\visualgdb\debug\__bsp_root__\stm32f4xxxx\stm32f4xx_hal_driver\src\stm32f4xx_hal_tim_ex.gcc.rsp
d:\rm\quanxiang\omni-code\rcs_code\stm32f405\visualgdb\debug\__bsp_root__\stm32f4xxxx\stm32f4xx_hal_driver\src\stm32f4xx_hal_uart.gcc.rsp
d:\rm\quanxiang\omni-code\rcs_code\stm32f405\visualgdb\debug\__bsp_root__\stm32f4xxxx\stm32f4xx_hal_driver\src\stm32f4xx_hal_usart.gcc.rsp
d:\rm\quanxiang\omni-code\rcs_code\stm32f405\visualgdb\debug\__bsp_root__\stm32f4xxxx\stm32f4xx_hal_driver\src\stm32f4xx_hal_wwdg.gcc.rsp
d:\rm\quanxiang\omni-code\rcs_code\stm32f405\visualgdb\debug\__bsp_root__\stm32f4xxxx\stm32f4xx_hal_driver\src\stm32f4xx_ll_fmc.gcc.rsp
d:\rm\quanxiang\omni-code\rcs_code\stm32f405\visualgdb\debug\__bsp_root__\stm32f4xxxx\stm32f4xx_hal_driver\src\stm32f4xx_ll_fsmc.gcc.rsp
d:\rm\quanxiang\omni-code\rcs_code\stm32f405\visualgdb\debug\__bsp_root__\stm32f4xxxx\stm32f4xx_hal_driver\src\stm32f4xx_ll_sdmmc.gcc.rsp
d:\rm\quanxiang\omni-code\rcs_code\stm32f405\visualgdb\debug\__bsp_root__\stm32f4xxxx\stm32f4xx_hal_driver\src\stm32f4xx_ll_usb.gcc.rsp
